| src/client/manager.rs:17:5:17:11 | spawn(...) | Tie the task lifetime to connection shutdown or cancellation. |
| src/controller/server.rs:17:5:17:11 | spawn(...) | Tie the task lifetime to connection shutdown or cancellation. |
| src/controller/server.rs:22:5:22:11 | spawn(...) | Tie the task lifetime to connection shutdown or cancellation. |
