| src/client/mod.rs:34:1:36:1 | fn connect_stream | Construct ServerName from the configured endpoint and pass it to TLS. |
| src/tls.rs:13:1:15:1 | fn connect_transport | Construct ServerName from the configured endpoint and pass it to TLS. |
| src/tls.rs:17:1:17:26 | fn connect_stream | Construct ServerName from the configured endpoint and pass it to TLS. |
